capacity convergence correction harth_stream: unconverged
capacity convergence correction speech_stream: unconverged
capacity convergence correction har_stream: unconverged
capacity convergence correction harth_stream: unconverged
capacity convergence correction speech_stream: unconverged
capacity convergence correction har_stream: unconverged
capacity convergence correction speech_stream: unconverged
capacity convergence correction harth_stream: unconverged
capacity convergence correction har_stream: unconverged
capacity convergence correction speech_stream: unconverged
capacity convergence correction harth_stream: unconverged
capacity convergence correction har_stream: unconverged
optimization correction harth_stream small: converged
capacity convergence correction speech_stream: unconverged
capacity convergence correction harth_stream: unconverged
capacity convergence correction har_stream: unconverged
capacity convergence correction speech_stream: unconverged
capacity convergence correction harth_stream: unconverged
capacity convergence correction har_stream: unconverged
capacity convergence correction speech_stream: unconverged
capacity convergence correction harth_stream: unconverged
capacity convergence correction har_stream: unconverged
capacity convergence correction speech_stream: unconverged
capacity convergence correction harth_stream: unconverged
capacity convergence correction har_stream: unconverged
capacity convergence correction speech_stream: unconverged
capacity convergence correction harth_stream: unconverged
capacity convergence correction har_stream: unconverged
capacity convergence correction speech_stream: unconverged
capacity convergence correction harth_stream: unconverged
capacity convergence correction har_stream: unconverged
capacity convergence correction speech_stream: unconverged
capacity convergence correction harth_stream: unconverged
optimization correction speech_stream small: converged
capacity convergence correction har_stream: unconverged
capacity convergence correction speech_stream: unconverged
capacity convergence correction harth_stream: unconverged
capacity convergence correction har_stream: unconverged
capacity convergence correction speech_stream: unconverged
capacity convergence correction harth_stream: unconverged
capacity convergence correction har_stream: unconverged
capacity convergence correction speech_stream: unconverged
capacity convergence correction harth_stream: unconverged
capacity convergence correction har_stream: unconverged
optimization correction har_stream small: unconverged
capacity convergence correction speech_stream: unconverged
capacity convergence correction harth_stream: unconverged
capacity convergence correction har_stream: unconverged
capacity convergence correction speech_stream: unconverged
capacity convergence correction harth_stream: unconverged
capacity convergence correction har_stream: unconverged
capacity convergence correction speech_stream: unconverged
capacity convergence correction harth_stream: unconverged
capacity convergence correction har_stream: unconverged
capacity convergence correction speech_stream: unconverged
capacity convergence correction harth_stream: unconverged
capacity convergence correction har_stream: unconverged
capacity convergence correction speech_stream: unconverged
capacity convergence correction harth_stream: unconverged
capacity convergence correction har_stream: unconverged
capacity convergence correction speech_stream: unconverged
capacity convergence correction harth_stream: unconverged
capacity convergence correction har_stream: unconverged
capacity convergence correction speech_stream: unconverged
capacity convergence correction harth_stream: unconverged
capacity convergence correction har_stream: unconverged
capacity convergence correction speech_stream: unconverged
capacity convergence correction harth_stream: unconverged
capacity convergence correction har_stream: unconverged
capacity convergence correction speech_stream: unconverged
capacity convergence correction harth_stream: unconverged
optimization correction harth_stream large: converged
capacity convergence correction har_stream: unconverged
capacity convergence correction speech_stream: unconverged
capacity convergence correction harth_stream: unconverged
capacity convergence correction har_stream: unconverged
capacity convergence correction speech_stream: unconverged
capacity convergence correction harth_stream: unconverged
capacity convergence correction speech_stream: unconverged
capacity convergence correction har_stream: unconverged
capacity convergence correction harth_stream: unconverged
capacity convergence correction speech_stream: unconverged
capacity convergence correction har_stream: unconverged
capacity convergence correction harth_stream: unconverged
capacity convergence correction speech_stream: unconverged
capacity convergence correction har_stream: unconverged
capacity convergence correction harth_stream: unconverged
capacity convergence correction speech_stream: unconverged
capacity convergence correction harth_stream: unconverged
capacity convergence correction har_stream: unconverged
capacity convergence correction speech_stream: unconverged
capacity convergence correction harth_stream: unconverged
capacity convergence correction har_stream: unconverged
capacity convergence correction speech_stream: unconverged
capacity convergence correction harth_stream: unconverged
capacity convergence correction har_stream: unconverged
capacity convergence correction speech_stream: unconverged
capacity convergence correction harth_stream: unconverged
capacity convergence correction har_stream: unconverged
capacity convergence correction speech_stream: unconverged
capacity convergence correction harth_stream: unconverged
capacity convergence correction har_stream: unconverged
capacity convergence correction speech_stream: unconverged
capacity convergence correction harth_stream: unconverged
capacity convergence correction har_stream: unconverged
capacity convergence correction speech_stream: unconverged
capacity convergence correction harth_stream: unconverged
capacity convergence correction har_stream: unconverged
capacity convergence correction speech_stream: unconverged
capacity convergence correction harth_stream: unconverged
capacity convergence correction har_stream: unconverged
capacity convergence correction speech_stream: unconverged
capacity convergence correction harth_stream: unconverged
capacity convergence correction har_stream: unconverged
capacity convergence correction speech_stream: unconverged
capacity convergence correction harth_stream: unconverged
capacity convergence correction har_stream: unconverged
capacity convergence correction speech_stream: unconverged
capacity convergence correction harth_stream: unconverged
capacity convergence correction har_stream: unconverged
capacity convergence correction speech_stream: unconverged
capacity convergence correction harth_stream: unconverged
capacity convergence correction har_stream: unconverged
capacity convergence correction speech_stream: unconverged
capacity convergence correction harth_stream: unconverged
capacity convergence correction har_stream: unconverged
capacity convergence correction speech_stream: unconverged
capacity convergence correction harth_stream: unconverged
capacity convergence correction har_stream: unconverged
capacity convergence correction speech_stream: unconverged
capacity convergence correction harth_stream: unconverged
capacity convergence correction har_stream: unconverged
capacity convergence correction speech_stream: unconverged
capacity convergence correction harth_stream: unconverged
capacity convergence correction har_stream: unconverged
capacity convergence correction speech_stream: unconverged
capacity convergence correction harth_stream: unconverged
optimization correction speech_stream large: unconverged
capacity convergence correction har_stream: unconverged
capacity convergence correction speech_stream: unconverged
capacity convergence correction harth_stream: unconverged
capacity convergence correction har_stream: unconverged
capacity convergence correction harth_stream: unconverged
capacity convergence correction speech_stream: unconverged
capacity convergence correction har_stream: unconverged
capacity convergence correction harth_stream: unconverged
capacity convergence correction speech_stream: unconverged
capacity convergence correction har_stream: unconverged
capacity convergence correction harth_stream: unconverged
capacity convergence correction speech_stream: unconverged
capacity convergence correction har_stream: unconverged
capacity convergence correction speech_stream: unconverged
capacity convergence correction harth_stream: unconverged
capacity convergence correction har_stream: unconverged
capacity convergence correction speech_stream: unconverged
capacity convergence correction harth_stream: unconverged
capacity convergence correction speech_stream: unconverged
capacity convergence correction har_stream: unconverged
capacity convergence correction harth_stream: unconverged
capacity convergence correction speech_stream: unconverged
capacity convergence correction har_stream: unconverged
capacity convergence correction harth_stream: unconverged
capacity convergence correction speech_stream: unconverged
capacity convergence correction harth_stream: unconverged
capacity convergence correction har_stream: unconverged
capacity convergence correction speech_stream: unconverged
capacity convergence correction harth_stream: unconverged
capacity convergence correction har_stream: unconverged
capacity convergence correction speech_stream: unconverged
capacity convergence correction harth_stream: unconverged
capacity convergence correction har_stream: unconverged
capacity convergence correction speech_stream: unconverged
capacity convergence correction harth_stream: unconverged
capacity convergence correction har_stream: unconverged
capacity convergence correction speech_stream: unconverged
capacity convergence correction harth_stream: unconverged
capacity convergence correction har_stream: unconverged
capacity convergence correction speech_stream: unconverged
capacity convergence correction harth_stream: unconverged
capacity convergence correction har_stream: unconverged
capacity convergence correction speech_stream: unconverged
capacity convergence correction harth_stream: unconverged
capacity convergence correction har_stream: unconverged
capacity convergence correction speech_stream: unconverged
capacity convergence correction harth_stream: unconverged
capacity convergence correction har_stream: unconverged
capacity convergence correction speech_stream: unconverged
capacity convergence correction harth_stream: unconverged
capacity convergence correction har_stream: unconverged
capacity convergence correction speech_stream: unconverged
capacity convergence correction harth_stream: unconverged
capacity convergence correction har_stream: unconverged
optimization correction har_stream large: converged
capacity convergence correction speech_stream: unconverged
capacity convergence correction harth_stream: unconverged
capacity convergence correction har_stream: unconverged
capacity convergence correction speech_stream: unconverged
capacity convergence correction harth_stream: unconverged
capacity convergence correction har_stream: unconverged
capacity convergence correction speech_stream: unconverged
capacity convergence correction harth_stream: unconverged
capacity convergence correction har_stream: unconverged
capacity convergence correction speech_stream: unconverged
capacity convergence correction harth_stream: unconverged
capacity convergence correction har_stream: unconverged
capacity convergence correction speech_stream: unconverged
capacity convergence correction harth_stream: unconverged
capacity convergence correction har_stream: unconverged
capacity convergence correction speech_stream: unconverged
capacity convergence correction harth_stream: unconverged
capacity convergence correction har_stream: unconverged
capacity convergence correction speech_stream: unconverged
capacity convergence correction harth_stream: unconverged
capacity convergence correction har_stream: unconverged
capacity convergence correction speech_stream: unconverged
capacity convergence correction harth_stream: unconverged
capacity convergence correction har_stream: unconverged
capacity convergence correction speech_stream: unconverged
capacity convergence correction harth_stream: unconverged
capacity convergence correction har_stream: unconverged
capacity convergence correction speech_stream: unconverged
capacity convergence correction harth_stream: unconverged
capacity convergence correction speech_stream: unconverged
capacity convergence correction harth_stream: unconverged
capacity convergence correction har_stream: unconverged
capacity convergence correction speech_stream: unconverged
capacity convergence correction harth_stream: unconverged
capacity convergence correction har_stream: unconverged
capacity convergence correction speech_stream: unconverged
capacity convergence correction harth_stream: unconverged
capacity convergence correction har_stream: unconverged
capacity convergence correction speech_stream: unconverged
capacity convergence correction harth_stream: unconverged
capacity convergence correction har_stream: unconverged
capacity convergence correction speech_stream: unconverged
capacity convergence correction harth_stream: unconverged
capacity convergence correction har_stream: unconverged
capacity convergence correction speech_stream: unconverged
capacity convergence correction harth_stream: unconverged
capacity convergence correction har_stream: unconverged
capacity convergence correction speech_stream: unconverged
capacity convergence correction harth_stream: unconverged
capacity convergence correction har_stream: unconverged
capacity convergence correction harth_stream: unconverged
capacity convergence correction speech_stream: unconverged
capacity convergence correction har_stream: unconverged
capacity convergence correction harth_stream: unconverged
capacity convergence correction speech_stream: unconverged
capacity convergence correction har_stream: unconverged
capacity convergence correction speech_stream: unconverged
capacity convergence correction harth_stream: unconverged
capacity convergence correction har_stream: unconverged
capacity convergence correction speech_stream: unconverged
capacity convergence correction harth_stream: unconverged
capacity convergence correction har_stream: unconverged
capacity convergence correction speech_stream: unconverged
capacity convergence correction harth_stream: unconverged
capacity convergence correction har_stream: unconverged
capacity convergence correction speech_stream: unconverged
capacity convergence correction harth_stream: unconverged
capacity convergence correction har_stream: unconverged
capacity convergence correction speech_stream: unconverged
capacity convergence correction harth_stream: unconverged
capacity convergence correction har_stream: unconverged
capacity convergence correction speech_stream: unconverged
capacity convergence correction harth_stream: unconverged
capacity convergence correction har_stream: unconverged
capacity convergence correction speech_stream: unconverged
capacity convergence correction harth_stream: unconverged
capacity convergence correction har_stream: unconverged
capacity convergence correction speech_stream: unconverged
capacity convergence correction harth_stream: unconverged
capacity convergence correction speech_stream: unconverged
capacity convergence correction har_stream: unconverged
capacity convergence correction harth_stream: unconverged
capacity convergence correction speech_stream: unconverged
capacity convergence correction har_stream: unconverged
capacity convergence correction harth_stream: unconverged
capacity convergence correction speech_stream: unconverged
capacity convergence correction har_stream: unconverged
capacity convergence correction harth_stream: unconverged
capacity convergence correction speech_stream: unconverged
capacity convergence correction har_stream: unconverged
capacity convergence correction harth_stream: unconverged
capacity convergence correction speech_stream: unconverged
capacity convergence correction har_stream: unconverged
capacity convergence correction harth_stream: unconverged
capacity convergence correction speech_stream: unconverged
capacity convergence correction har_stream: unconverged
capacity convergence correction harth_stream: unconverged
capacity convergence correction speech_stream: unconverged
capacity convergence correction speech_stream: unconverged
capacity convergence correction harth_stream: unconverged
capacity correction har_stream seed 1: True
capacity correction har_stream seed 6: True
capacity correction har_stream seed 2: True
capacity correction har_stream seed 0: True
capacity correction har_stream seed 0: True
capacity correction harth_stream seed 0: True
capacity correction har_stream seed 3: True
capacity correction har_stream seed 4: True
capacity correction harth_stream seed 2: True
capacity correction harth_stream seed 1: True
capacity correction har_stream seed 7: True
capacity correction har_stream seed 5: True
capacity correction har_stream seed 4: True
capacity correction har_stream seed 3: True
capacity correction harth_stream seed 3: True
capacity correction harth_stream seed 4: True
capacity correction harth_stream seed 5: True
capacity correction harth_stream seed 6: True
capacity correction harth_stream seed 7: True
capacity correction speech_stream seed 2: True
capacity correction speech_stream seed 0: True
capacity correction speech_stream seed 3: True
capacity correction speech_stream seed 4: True
capacity correction speech_stream seed 7: True
capacity correction speech_stream seed 1: True
capacity correction speech_stream seed 6: True
capacity correction speech_stream seed 5: True
capacity correction speech_stream seed 2: True
