E2 extended convergence speech_stream histmlp|large|linear|none|h1: converged movement 0.00703 in 321.5s
E2_EXTEND_CONVERGE_SHARD_DONE
E2 extended convergence speech_stream histmlp|large|linear|none|h1: unconverged movement 0.01933 in 311.2s
E2_EXTEND_CONVERGE_SHARD_DONE
E2 extended convergence speech_stream pooled|large|mlp_strong|none|h1: unconverged movement 0.02169 in 10254.2s
E2_EXTEND_CONVERGE_SHARD_DONE
E2 extended convergence speech_stream histmlp|large|mlp_strong|none|h1: converged movement 0.00938 in 302.1s
E2_EXTEND_CONVERGE_SHARD_DONE
E2 extended convergence speech_stream gru|large|linear|horizon_5|h1: unconverged movement 0.0178 in 5037.8s
E2_EXTEND_CONVERGE_SHARD_DONE
E2 extended convergence speech_stream gru|large|linear|horizon_45|h1: unconverged movement 0.01856 in 5122.9s
E2_EXTEND_CONVERGE_SHARD_DONE
E2 extended convergence speech_stream mgu|large|linear|none|h1: unconverged movement 0.0253 in 123803.1s
E2_EXTEND_CONVERGE_SHARD_DONE
E2 extended convergence speech_stream pooled|large|linear|none|h1: unconverged movement 0.02263 in 9246.4s
E2_EXTEND_CONVERGE_SHARD_DONE
E2 extended convergence speech_stream gru|large|linear|none|h1: unconverged movement 0.02323 in 11075.1s
E2_EXTEND_CONVERGE_SHARD_DONE
E2 extended convergence speech_stream gru|large|linear|horizon_full|h1: unconverged movement 0.02323 in 11130.1s
E2_EXTEND_CONVERGE_SHARD_DONE
E2 extended convergence speech_stream gru|large|mlp_strong|none|h1: unconverged movement 0.03207 in 11238.6s
E2_EXTEND_CONVERGE_SHARD_DONE
E2 extended convergence speech_stream lstm|large|linear|none|h1: unconverged movement 0.01707 in 11712.5s
E2_EXTEND_CONVERGE_SHARD_DONE
E2 extended convergence speech_stream tcn|large|mlp_strong|none|h1: unconverged movement 0.054 in 15016.0s
E2_EXTEND_CONVERGE_SHARD_DONE
E2 extended convergence speech_stream tcn|large|linear|none|h1: unconverged movement 0.02542 in 62679.9s
E2_EXTEND_CONVERGE_SHARD_DONE
E2 extended convergence speech_stream gru|small|linear|none|h1: converged movement 0.00315 in 2273.5s
E2_EXTEND_CONVERGE_SHARD_DONE
E2 extended convergence speech_stream lstm|small|linear|none|h1: unconverged movement 0.0227 in 2139.7s
E2_EXTEND_CONVERGE_SHARD_DONE
E2 extended convergence speech_stream histmlp|small|linear|none|h20: unconverged movement 0.0428 in 41.2s
E2_EXTEND_CONVERGE_SHARD_DONE
E2 extended convergence speech_stream histmlp|small|linear|none|hfull_window: unconverged movement 0.01678 in 45.2s
E2_EXTEND_CONVERGE_SHARD_DONE
E2 extended convergence speech_stream pooled|small|linear|none|h1: unconverged movement 0.01229 in 1698.2s
E2_EXTEND_CONVERGE_SHARD_DONE
E2 extended convergence speech_stream gru|small|linear|horizon_45|h1: unconverged movement 0.01643 in 1183.2s
E2_EXTEND_CONVERGE_SHARD_DONE
E2 extended convergence speech_stream gru|small|linear|horizon_90|h1: unconverged movement 0.02024 in 1661.3s
E2_EXTEND_CONVERGE_SHARD_DONE
E2 extended convergence speech_stream gru|micro|linear|none|h1: unconverged movement 0.01186 in 1266.1s
E2_EXTEND_CONVERGE_SHARD_DONE
E2 extended convergence speech_stream lstm|micro|linear|none|h1: unconverged movement 0.04057 in 1188.3s
E2_EXTEND_CONVERGE_SHARD_DONE
E2 extended convergence speech_stream tcn|small|linear|none|h1: converged movement 0.00904 in 4066.9s
E2_EXTEND_CONVERGE_SHARD_DONE
E2 extended convergence speech_stream mgu|micro|linear|none|h1: converged movement 0.00784 in 3154.8s
E2_EXTEND_CONVERGE_SHARD_DONE
E2 extended convergence speech_stream pooled|micro|linear|none|h1: unconverged movement 0.01758 in 534.9s
E2_EXTEND_CONVERGE_SHARD_DONE
E2 extended convergence speech_stream histmlp|micro|linear|none|h1: unconverged movement 0.03669 in 31.7s
E2_EXTEND_CONVERGE_SHARD_DONE
E2 extended convergence speech_stream histmlp|small|linear|none|h1: unconverged movement 0.02443 in 46.2s
E2_EXTEND_CONVERGE_SHARD_DONE
E2 extended convergence speech_stream histmlp|medium|linear|none|h1: unconverged movement 0.01621 in 65.7s
E2_EXTEND_CONVERGE_SHARD_DONE
E2 extended convergence speech_stream gru|medium|linear|none|h1: unconverged movement 0.02123 in 5694.7s
E2_EXTEND_CONVERGE_SHARD_DONE
E2 extended convergence speech_stream tcn|micro|linear|none|h1: unconverged movement 0.01905 in 1905.3s
E2_EXTEND_CONVERGE_SHARD_DONE
E2 extended convergence speech_stream lstm|medium|linear|none|h1: unconverged movement 0.01297 in 6382.1s
E2_EXTEND_CONVERGE_SHARD_DONE
E2 extended convergence speech_stream pooled|medium|linear|none|h1: unconverged movement 0.01704 in 3198.8s
E2_EXTEND_CONVERGE_SHARD_DONE
E2 extended convergence speech_stream mgu|small|linear|none|h1: converged movement 0.00983 in 13010.1s
E2_EXTEND_CONVERGE_SHARD_DONE
E2 extended convergence speech_stream gru|small|mlp1|none|h1: converged movement 0.00502 in 2238.0s
E2_EXTEND_CONVERGE_SHARD_DONE
E2 extended convergence speech_stream gru|small|mlp_strong|none|h1: unconverged movement 0.01815 in 2182.1s
E2_EXTEND_CONVERGE_SHARD_DONE
E2 extended convergence speech_stream histmlp|small|mlp1|none|h1: unconverged movement 0.02421 in 50.2s
E2_EXTEND_CONVERGE_SHARD_DONE
E2 extended convergence speech_stream histmlp|small|mlp_strong|none|h1: unconverged movement 0.01611 in 65.9s
E2_EXTEND_CONVERGE_SHARD_DONE
E2 extended convergence speech_stream pooled|small|mlp1|none|h1: unconverged movement 0.0133 in 1526.0s
E2_EXTEND_CONVERGE_SHARD_DONE
E2 extended convergence speech_stream pooled|small|mlp_strong|none|h1: unconverged movement 0.01255 in 1523.4s
E2_EXTEND_CONVERGE_SHARD_DONE
E2 extended convergence speech_stream gru|small|linear|horizon_1|h1: unconverged movement 0.01363 in 1178.3s
E2_EXTEND_CONVERGE_SHARD_DONE
E2 extended convergence speech_stream gru|small|linear|horizon_2|h1: unconverged movement 0.01363 in 1218.5s
E2_EXTEND_CONVERGE_SHARD_DONE
E2 extended convergence speech_stream gru|small|linear|horizon_5|h1: converged movement 0.00757 in 1177.9s
E2_EXTEND_CONVERGE_SHARD_DONE
E2 extended convergence speech_stream gru|small|linear|horizon_10|h1: unconverged movement 0.03036 in 1289.9s
E2_EXTEND_CONVERGE_SHARD_DONE
E2 extended convergence speech_stream ff_gru|small|linear|none|h1: unconverged movement 0.04257 in 5308.9s
E2_EXTEND_CONVERGE_SHARD_DONE
E2 extended convergence speech_stream gru|small|linear|horizon_20|h1: unconverged movement 0.03036 in 1579.4s
E2_EXTEND_CONVERGE_SHARD_DONE
E2 extended convergence speech_stream mgu|small|linear|horizon_1|h1: unconverged movement 0.02871 in 1573.2s
E2_EXTEND_CONVERGE_SHARD_DONE
E2 extended convergence speech_stream mgu|small|linear|horizon_2|h1: unconverged movement 0.02871 in 1444.4s
E2_EXTEND_CONVERGE_SHARD_DONE
E2 extended convergence speech_stream mgu|small|linear|horizon_5|h1: unconverged movement 0.03046 in 1396.7s
E2_EXTEND_CONVERGE_SHARD_DONE
E2 extended convergence speech_stream mgu|small|linear|horizon_10|h1: unconverged movement 0.0132 in 1171.5s
E2_EXTEND_CONVERGE_SHARD_DONE
E2 extended convergence speech_stream gru|small|linear|horizon_full|h1: converged movement 0.00315 in 2417.1s
E2_EXTEND_CONVERGE_SHARD_DONE
E2 extended convergence speech_stream tcn|medium|linear|none|h1: unconverged movement 0.0649 in 8823.8s
E2_EXTEND_CONVERGE_SHARD_DONE
E2 extended convergence speech_stream mgu|small|linear|horizon_20|h1: unconverged movement 0.0132 in 1125.0s
E2_EXTEND_CONVERGE_SHARD_DONE
E2 extended convergence speech_stream mgu|small|linear|horizon_45|h1: unconverged movement 0.03188 in 1263.0s
E2_EXTEND_CONVERGE_SHARD_DONE
E2 extended convergence speech_stream gru|small|linear|every_observation|h1: unconverged movement 0.01363 in 1019.2s
E2_EXTEND_CONVERGE_SHARD_DONE
E2 extended convergence speech_stream gru|small|linear|misaligned_a|h1: unconverged movement 0.0178 in 929.6s
E2_EXTEND_CONVERGE_SHARD_DONE
E2 extended convergence speech_stream gru|small|linear|misaligned_b|h1: unconverged movement 0.03034 in 1042.1s
E2_EXTEND_CONVERGE_SHARD_DONE
E2 extended convergence speech_stream gru|small|linear|random_rate_matched|h1: unconverged movement 0.00638 in 1042.5s
E2_EXTEND_CONVERGE_SHARD_DONE
E2 extended convergence speech_stream mgu|small|linear|horizon_90|h1: unconverged movement 0.01441 in 2322.5s
E2_EXTEND_CONVERGE_SHARD_DONE
E2 extended convergence speech_stream gru|small|linear|block_shuffled|h1: unconverged movement 0.02824 in 1120.0s
E2_EXTEND_CONVERGE_SHARD_DONE
E2 extended convergence speech_stream gru|micro|linear|horizon_5|h1: converged movement 0.00287 in 512.4s
E2_EXTEND_CONVERGE_SHARD_DONE
E2 extended convergence speech_stream gru|micro|linear|horizon_45|h1: unconverged movement 0.02342 in 574.2s
E2_EXTEND_CONVERGE_SHARD_DONE
E2 extended convergence speech_stream gru|small|linear|true_boundary|h1: unconverged movement 0.01157 in 1241.3s
E2_EXTEND_CONVERGE_SHARD_DONE
E2 extended convergence speech_stream gru|small|linear|wrong_boundary|h1: unconverged movement 0.02005 in 1198.4s
E2_EXTEND_CONVERGE_SHARD_DONE
E2 extended convergence speech_stream histmlp|small|linear|none|h2: unconverged movement 0.02429 in 36.7s
E2_EXTEND_CONVERGE_SHARD_DONE
E2 extended convergence speech_stream histmlp|small|linear|none|h5: converged movement 0.00657 in 35.9s
E2_EXTEND_CONVERGE_SHARD_DONE
E2 extended convergence speech_stream histmlp|small|linear|none|h10: unconverged movement 0.0126 in 36.4s
E2_EXTEND_CONVERGE_SHARD_DONE
E2 extended convergence speech_stream gru|micro|linear|horizon_full|h1: unconverged movement 0.01186 in 1157.3s
E2_EXTEND_CONVERGE_SHARD_DONE
E2 extended convergence speech_stream gru|medium|linear|horizon_5|h1: converged movement 0.00269 in 1675.1s
E2_EXTEND_CONVERGE_SHARD_DONE
E2 extended convergence speech_stream histmlp|small|linear|none|hpooled_summary: unconverged movement 0.01229 in 1462.7s
E2_EXTEND_CONVERGE_SHARD_DONE
E2 extended convergence speech_stream gru|medium|linear|horizon_45|h1: unconverged movement 0.01092 in 2161.6s
E2_EXTEND_CONVERGE_SHARD_DONE
E2 extended convergence speech_stream gru|medium|linear|horizon_full|h1: unconverged movement 0.02123 in 3994.1s
E2_EXTEND_CONVERGE_SHARD_DONE
E2 extended convergence speech_stream tcn|small|linear|none|h5: converged movement 0.00904 in 3810.6s
E2_EXTEND_CONVERGE_SHARD_DONE
E2 extended convergence speech_stream tcn|small|linear|none|h20: converged movement 0.00904 in 3802.7s
E2_EXTEND_CONVERGE_SHARD_DONE
E2 extended convergence speech_stream tcn|small|linear|none|hfull_window: converged movement 0.00904 in 3796.0s
E2_EXTEND_CONVERGE_SHARD_DONE
E2 extended convergence speech_stream mgu|small|linear|horizon_full|h1: converged movement 0.00983 in 11548.6s
E2_EXTEND_CONVERGE_SHARD_DONE
E2 extended convergence speech_stream mgu|medium|linear|none|h1: unconverged movement 0.01657 in 30399.0s
E2_EXTEND_CONVERGE_SHARD_DONE
