E2 extended convergence harth_stream mgu|large|linear|none|h1: converged movement 0.00341 in 77436.0s
E2_EXTEND_CONVERGE_SHARD_DONE
E2 extended convergence harth_stream pooled|large|mlp_strong|none|h1: converged movement 0.00126 in 4309.3s
E2_EXTEND_CONVERGE_SHARD_DONE
E2 extended convergence harth_stream histmlp|large|linear|none|h1: unconverged movement 0.01529 in 300.9s
E2_EXTEND_CONVERGE_SHARD_DONE
E2 extended convergence harth_stream pooled|large|linear|none|h1: unconverged movement 0.01943 in 4284.7s
E2_EXTEND_CONVERGE_SHARD_DONE
E2 extended convergence harth_stream gru|large|linear|none|h1: converged movement 0.00086 in 5729.9s
E2_EXTEND_CONVERGE_SHARD_DONE
E2 extended convergence harth_stream histmlp|large|mlp_strong|none|h1: unconverged movement 0.00682 in 325.1s
E2_EXTEND_CONVERGE_SHARD_DONE
E2 extended convergence harth_stream lstm|large|linear|none|h1: converged movement 0.00257 in 6091.7s
E2_EXTEND_CONVERGE_SHARD_DONE
E2 extended convergence harth_stream gru|large|linear|horizon_5|h1: converged movement 0.00044 in 3020.7s
E2_EXTEND_CONVERGE_SHARD_DONE
E2 extended convergence harth_stream gru|large|linear|horizon_45|h1: converged movement 0.00257 in 3969.7s
E2_EXTEND_CONVERGE_SHARD_DONE
E2 extended convergence harth_stream gru|large|linear|horizon_full|h1: converged movement 0.00086 in 5554.8s
E2_EXTEND_CONVERGE_SHARD_DONE
E2 extended convergence harth_stream gru|large|mlp_strong|none|h1: converged movement 0.0 in 5411.2s
E2_EXTEND_CONVERGE_SHARD_DONE
E2 extended convergence harth_stream tcn|large|linear|none|h1: converged movement 0.00298 in 8333.3s
E2_EXTEND_CONVERGE_SHARD_DONE
E2 extended convergence harth_stream tcn|large|mlp_strong|none|h1: converged movement 0.00221 in 7739.6s
E2_EXTEND_CONVERGE_SHARD_DONE
E2 extended convergence harth_stream gru|small|linear|none|h1: converged movement 0.00043 in 894.6s
E2_EXTEND_CONVERGE_SHARD_DONE
E2 extended convergence harth_stream lstm|small|linear|none|h1: converged movement 0.00087 in 942.7s
E2_EXTEND_CONVERGE_SHARD_DONE
E2 extended convergence harth_stream pooled|small|linear|none|h1: unconverged movement 0.01569 in 874.3s
E2_EXTEND_CONVERGE_SHARD_DONE
E2 extended convergence harth_stream histmlp|small|linear|none|h20: converged movement 0.00087 in 19.0s
E2_EXTEND_CONVERGE_SHARD_DONE
E2 extended convergence harth_stream histmlp|small|linear|none|hfull_window: unconverged movement 0.0034 in 18.3s
E2_EXTEND_CONVERGE_SHARD_DONE
E2 extended convergence harth_stream gru|small|linear|horizon_45|h1: converged movement 0.00043 in 702.1s
E2_EXTEND_CONVERGE_SHARD_DONE
E2 extended convergence harth_stream tcn|small|linear|none|h1: converged movement 0.00043 in 1680.5s
E2_EXTEND_CONVERGE_SHARD_DONE
E2 extended convergence harth_stream gru|micro|linear|none|h1: converged movement 0.00172 in 557.7s
E2_EXTEND_CONVERGE_SHARD_DONE
E2 extended convergence harth_stream gru|small|linear|horizon_90|h1: converged movement 0.00043 in 921.9s
E2_EXTEND_CONVERGE_SHARD_DONE
E2 extended convergence harth_stream lstm|micro|linear|none|h1: converged movement 0.00254 in 518.9s
E2_EXTEND_CONVERGE_SHARD_DONE
E2 extended convergence harth_stream mgu|small|linear|none|h1: unconverged movement 0.00599 in 3170.1s
E2_EXTEND_CONVERGE_SHARD_DONE
E2 extended convergence harth_stream mgu|micro|linear|none|h1: converged movement 0.00303 in 1004.6s
E2_EXTEND_CONVERGE_SHARD_DONE
E2 extended convergence harth_stream pooled|micro|linear|none|h1: unconverged movement 0.03027 in 281.3s
E2_EXTEND_CONVERGE_SHARD_DONE
E2 extended convergence harth_stream histmlp|micro|linear|none|h1: converged movement 0.00486 in 16.0s
E2_EXTEND_CONVERGE_SHARD_DONE
E2 extended convergence harth_stream histmlp|small|linear|none|h1: unconverged movement 0.01019 in 22.0s
E2_EXTEND_CONVERGE_SHARD_DONE
E2 extended convergence harth_stream gru|medium|linear|none|h1: converged movement 0.00258 in 1856.2s
E2_EXTEND_CONVERGE_SHARD_DONE
E2 extended convergence harth_stream histmlp|medium|linear|none|h1: unconverged movement 0.00778 in 48.9s
E2_EXTEND_CONVERGE_SHARD_DONE
E2 extended convergence harth_stream lstm|medium|linear|none|h1: unconverged movement 0.0047 in 2134.0s
E2_EXTEND_CONVERGE_SHARD_DONE
E2 extended convergence harth_stream tcn|micro|linear|none|h1: converged movement 0.00171 in 800.2s
E2_EXTEND_CONVERGE_SHARD_DONE
E2 extended convergence harth_stream pooled|medium|linear|none|h1: unconverged movement 0.01383 in 2171.4s
E2_EXTEND_CONVERGE_SHARD_DONE
E2 extended convergence harth_stream gru|small|mlp1|none|h1: converged movement 0.00085 in 923.7s
E2_EXTEND_CONVERGE_SHARD_DONE
E2 extended convergence harth_stream gru|small|mlp_strong|none|h1: converged movement 0.00043 in 948.8s
E2_EXTEND_CONVERGE_SHARD_DONE
E2 extended convergence harth_stream histmlp|small|mlp1|none|h1: converged movement 0.00911 in 23.5s
E2_EXTEND_CONVERGE_SHARD_DONE
E2 extended convergence harth_stream histmlp|small|mlp_strong|none|h1: unconverged movement 0.02428 in 35.3s
E2_EXTEND_CONVERGE_SHARD_DONE
E2 extended convergence harth_stream pooled|small|mlp1|none|h1: unconverged movement 0.01801 in 865.8s
E2_EXTEND_CONVERGE_SHARD_DONE
E2 extended convergence harth_stream pooled|small|mlp_strong|none|h1: unconverged movement 0.01401 in 877.1s
E2_EXTEND_CONVERGE_SHARD_DONE
E2 extended convergence harth_stream gru|small|linear|horizon_1|h1: unconverged movement 0.01153 in 524.0s
E2_EXTEND_CONVERGE_SHARD_DONE
E2 extended convergence harth_stream gru|small|linear|horizon_2|h1: unconverged movement 0.01153 in 490.9s
E2_EXTEND_CONVERGE_SHARD_DONE
E2 extended convergence harth_stream gru|small|linear|horizon_5|h1: unconverged movement 0.00506 in 472.4s
E2_EXTEND_CONVERGE_SHARD_DONE
E2 extended convergence harth_stream gru|small|linear|horizon_10|h1: unconverged movement 0.00506 in 471.3s
E2_EXTEND_CONVERGE_SHARD_DONE
E2 extended convergence harth_stream ff_gru|small|linear|none|h1: converged movement 0.00258 in 2593.5s
E2_EXTEND_CONVERGE_SHARD_DONE
E2 extended convergence harth_stream tcn|medium|linear|none|h1: converged movement 0.00128 in 3460.4s
E2_EXTEND_CONVERGE_SHARD_DONE
E2 extended convergence harth_stream gru|small|linear|horizon_20|h1: converged movement 0.00213 in 542.2s
E2_EXTEND_CONVERGE_SHARD_DONE
E2 extended convergence harth_stream mgu|small|linear|horizon_1|h1: unconverged movement 0.03312 in 515.0s
E2_EXTEND_CONVERGE_SHARD_DONE
E2 extended convergence harth_stream mgu|small|linear|horizon_2|h1: unconverged movement 0.03312 in 510.3s
E2_EXTEND_CONVERGE_SHARD_DONE
E2 extended convergence harth_stream mgu|small|linear|horizon_5|h1: unconverged movement 0.0047 in 534.2s
E2_EXTEND_CONVERGE_SHARD_DONE
E2 extended convergence harth_stream mgu|small|linear|horizon_10|h1: unconverged movement 0.0047 in 559.1s
E2_EXTEND_CONVERGE_SHARD_DONE
E2 extended convergence harth_stream gru|small|linear|horizon_full|h1: converged movement 0.00043 in 889.4s
E2_EXTEND_CONVERGE_SHARD_DONE
E2 extended convergence harth_stream mgu|small|linear|horizon_20|h1: converged movement 0.00171 in 694.5s
E2_EXTEND_CONVERGE_SHARD_DONE
E2 extended convergence harth_stream gru|small|linear|misaligned_a|h1: unconverged movement 0.02869 in 489.3s
E2_EXTEND_CONVERGE_SHARD_DONE
E2 extended convergence harth_stream gru|small|linear|every_observation|h1: unconverged movement 0.01153 in 554.1s
E2_EXTEND_CONVERGE_SHARD_DONE
E2 extended convergence harth_stream mgu|small|linear|horizon_45|h1: converged movement 0.0017 in 983.8s
E2_EXTEND_CONVERGE_SHARD_DONE
E2 extended convergence harth_stream gru|small|linear|misaligned_b|h1: converged movement 0.003 in 538.3s
E2_EXTEND_CONVERGE_SHARD_DONE
E2 extended convergence harth_stream gru|small|linear|random_rate_matched|h1: unconverged movement 0.00555 in 589.0s
E2_EXTEND_CONVERGE_SHARD_DONE
E2 extended convergence harth_stream gru|small|linear|block_shuffled|h1: converged movement 0.00299 in 566.4s
E2_EXTEND_CONVERGE_SHARD_DONE
E2 extended convergence harth_stream gru|small|linear|true_boundary|h1: converged movement 0.00043 in 653.0s
E2_EXTEND_CONVERGE_SHARD_DONE
E2 extended convergence harth_stream gru|small|linear|wrong_boundary|h1: converged movement 0.00173 in 590.6s
E2_EXTEND_CONVERGE_SHARD_DONE
E2 extended convergence harth_stream gru|micro|linear|horizon_5|h1: unconverged movement 0.00508 in 300.7s
E2_EXTEND_CONVERGE_SHARD_DONE
E2 extended convergence harth_stream gru|micro|linear|horizon_45|h1: converged movement 0.00257 in 403.2s
E2_EXTEND_CONVERGE_SHARD_DONE
E2 extended convergence harth_stream gru|micro|linear|horizon_full|h1: converged movement 0.00172 in 557.3s
E2_EXTEND_CONVERGE_SHARD_DONE
E2 extended convergence harth_stream histmlp|small|linear|none|h2: unconverged movement 0.02454 in 24.1s
E2_EXTEND_CONVERGE_SHARD_DONE
E2 extended convergence harth_stream histmlp|small|linear|none|h5: unconverged movement 0.0102 in 22.9s
E2_EXTEND_CONVERGE_SHARD_DONE
E2 extended convergence harth_stream histmlp|small|linear|none|h10: unconverged movement 0.02201 in 21.9s
E2_EXTEND_CONVERGE_SHARD_DONE
E2 extended convergence harth_stream gru|medium|linear|horizon_5|h1: converged movement 0.00127 in 909.3s
E2_EXTEND_CONVERGE_SHARD_DONE
E2 extended convergence harth_stream mgu|medium|linear|none|h1: converged movement 0.00172 in 7991.9s
E2_EXTEND_CONVERGE_SHARD_DONE
E2 extended convergence harth_stream gru|medium|linear|horizon_45|h1: converged movement 0.00172 in 1453.3s
E2_EXTEND_CONVERGE_SHARD_DONE
E2 extended convergence harth_stream mgu|small|linear|horizon_full|h1: unconverged movement 0.00599 in 3226.2s
E2_EXTEND_CONVERGE_SHARD_DONE
E2 extended convergence harth_stream mgu|small|linear|horizon_90|h1: unconverged movement 0.00599 in 3290.3s
E2_EXTEND_CONVERGE_SHARD_DONE
E2 extended convergence harth_stream histmlp|small|linear|none|hpooled_summary: unconverged movement 0.01569 in 898.9s
E2_EXTEND_CONVERGE_SHARD_DONE
E2 extended convergence harth_stream gru|medium|linear|horizon_full|h1: converged movement 0.00258 in 1818.6s
E2_EXTEND_CONVERGE_SHARD_DONE
E2 extended convergence harth_stream tcn|small|linear|none|h5: converged movement 0.00043 in 1751.4s
E2_EXTEND_CONVERGE_SHARD_DONE
E2 extended convergence harth_stream tcn|small|linear|none|h20: converged movement 0.00043 in 1605.7s
E2_EXTEND_CONVERGE_SHARD_DONE
E2 extended convergence harth_stream tcn|small|linear|none|hfull_window: converged movement 0.00043 in 1595.5s
E2_EXTEND_CONVERGE_SHARD_DONE
