  gru|small|linear|none|h1                 converged    movement 0.0
  lstm|small|linear|none|h1                unconverged  movement 0.00472
E2 converge shard harth_stream histmlp|small|linear|none|hfull_window: unconverged movement 0.03466 in 7.3s
E2_CONVERGE_SHARD_DONE
E2 converge shard harth_stream gru|small|linear|horizon_45|h1: converged movement 0.00043 in 230.0s
E2_CONVERGE_SHARD_DONE
E2 converge shard harth_stream gru|small|linear|horizon_90|h1: converged movement 0.00084 in 339.4s
E2_CONVERGE_SHARD_DONE
E2 converge shard harth_stream histmlp|large|linear|none|h1: unconverged movement 0.01462 in 44.5s
E2_CONVERGE_SHARD_DONE
E2 converge shard harth_stream pooled|large|linear|none|h1: unconverged movement 0.00917 in 1463.5s
E2_CONVERGE_SHARD_DONE
E2 converge shard harth_stream lstm|large|linear|none|h1: unconverged movement 0.02779 in 2265.2s
E2_CONVERGE_SHARD_DONE
E2 converge shard harth_stream gru|large|linear|horizon_5|h1: unconverged movement 0.00768 in 1222.3s
E2_CONVERGE_SHARD_DONE
E2 converge shard harth_stream gru|large|linear|horizon_45|h1: converged movement 0.0017 in 1528.8s
E2_CONVERGE_SHARD_DONE
E2 converge shard harth_stream tcn|large|linear|none|h1: converged movement 0.0047 in 3172.7s
E2_CONVERGE_SHARD_DONE
E2 converge shard harth_stream histmlp|large|linear|none|h1: converged movement 0.00023 in 107.2s
E2_CONVERGE_SHARD_DONE
E2 converge shard harth_stream pooled|large|mlp_strong|none|h1: unconverged movement 0.01621 in 1483.8s
E2_CONVERGE_SHARD_DONE
E2 converge shard harth_stream histmlp|large|mlp_strong|none|h1: converged movement 0.00053 in 116.6s
E2_CONVERGE_SHARD_DONE
E2 converge shard harth_stream gru|large|linear|none|h1: converged movement 0.00122 in 2082.0s
E2_CONVERGE_SHARD_DONE
E2 converge shard harth_stream lstm|large|linear|none|h1: unconverged movement 0.02779 in 2178.9s
E2_CONVERGE_SHARD_DONE
E2 converge shard harth_stream pooled|large|linear|none|h1: unconverged movement 0.00917 in 1467.0s
E2_CONVERGE_SHARD_DONE
E2 converge shard harth_stream gru|large|linear|horizon_5|h1: unconverged movement 0.00768 in 1111.6s
E2_CONVERGE_SHARD_DONE
E2 converge shard harth_stream gru|large|linear|horizon_45|h1: converged movement 0.0017 in 1409.4s
E2_CONVERGE_SHARD_DONE
E2 converge shard harth_stream gru|large|linear|horizon_full|h1: converged movement 0.00122 in 2007.9s
E2_CONVERGE_SHARD_DONE
E2 converge shard harth_stream gru|large|mlp_strong|none|h1: converged movement 0.00463 in 2048.6s
E2_CONVERGE_SHARD_DONE
E2 converge shard harth_stream tcn|large|linear|none|h1: converged movement 0.0047 in 3072.0s
E2_CONVERGE_SHARD_DONE
E2 converge shard harth_stream tcn|large|mlp_strong|none|h1: unconverged movement 0.01182 in 3019.5s
E2_CONVERGE_SHARD_DONE
E2 converge shard harth_stream mgu|large|linear|none|h1: unconverged movement 0.00252 in 8832.7s
E2_CONVERGE_SHARD_DONE
E2 converge shard harth_stream gru|small|linear|none|h1: converged movement 0.00084 in 323.0s
E2_CONVERGE_SHARD_DONE
E2 converge shard harth_stream lstm|small|linear|none|h1: converged movement 0.00126 in 341.0s
E2_CONVERGE_SHARD_DONE
E2 converge shard harth_stream histmlp|small|linear|none|h20: converged movement 0.00172 in 6.9s
E2_CONVERGE_SHARD_DONE
E2 converge shard harth_stream histmlp|small|linear|none|hfull_window: unconverged movement 0.03466 in 6.6s
E2_CONVERGE_SHARD_DONE
E2 converge shard harth_stream pooled|small|linear|none|h1: converged movement 0.00068 in 300.8s
E2_CONVERGE_SHARD_DONE
E2 converge shard harth_stream gru|small|linear|horizon_45|h1: converged movement 0.00043 in 237.8s
E2_CONVERGE_SHARD_DONE
E2 converge shard harth_stream gru|micro|linear|none|h1: unconverged movement 0.00304 in 184.1s
E2_CONVERGE_SHARD_DONE
E2 converge shard harth_stream gru|small|linear|horizon_90|h1: converged movement 0.00084 in 318.8s
E2_CONVERGE_SHARD_DONE
E2 converge shard harth_stream lstm|micro|linear|none|h1: converged movement 0.00299 in 167.7s
E2_CONVERGE_SHARD_DONE
E2 converge shard harth_stream tcn|small|linear|none|h1: converged movement 0.0017 in 577.7s
E2_CONVERGE_SHARD_DONE
E2 converge shard harth_stream pooled|micro|linear|none|h1: unconverged movement 0.02229 in 93.7s
E2_CONVERGE_SHARD_DONE
E2 converge shard harth_stream histmlp|micro|linear|none|h1: unconverged movement 0.01476 in 5.6s
E2_CONVERGE_SHARD_DONE
E2 converge shard harth_stream histmlp|small|linear|none|h1: unconverged movement 0.00545 in 7.8s
E2_CONVERGE_SHARD_DONE
E2 converge shard harth_stream histmlp|medium|linear|none|h1: unconverged movement 0.01246 in 16.9s
E2_CONVERGE_SHARD_DONE
E2 converge shard harth_stream mgu|micro|linear|none|h1: unconverged movement 0.0102 in 315.3s
E2_CONVERGE_SHARD_DONE
E2 converge shard harth_stream gru|medium|linear|none|h1: converged movement 0.00044 in 589.0s
E2_CONVERGE_SHARD_DONE
E2 converge shard harth_stream histmlp|small|mlp1|none|h1: converged movement 0.00964 in 9.1s
E2_CONVERGE_SHARD_DONE
E2 converge shard harth_stream histmlp|small|mlp_strong|none|h1: unconverged movement 0.05387 in 14.7s
E2_CONVERGE_SHARD_DONE
E2 converge shard harth_stream tcn|micro|linear|none|h1: converged movement 2e-05 in 260.6s
E2_CONVERGE_SHARD_DONE
E2 converge shard harth_stream mgu|small|linear|none|h1: unconverged movement 0.00214 in 1133.5s
E2_CONVERGE_SHARD_DONE
E2 converge shard harth_stream lstm|medium|linear|none|h1: unconverged movement 0.0026 in 710.8s
E2_CONVERGE_SHARD_DONE
E2 converge shard harth_stream pooled|small|mlp1|none|h1: unconverged movement 0.00691 in 306.2s
E2_CONVERGE_SHARD_DONE
E2 converge shard harth_stream pooled|small|mlp_strong|none|h1: converged movement 0.00798 in 312.8s
E2_CONVERGE_SHARD_DONE
E2 converge shard harth_stream gru|small|linear|horizon_1|h1: unconverged movement 0.03095 in 195.4s
E2_CONVERGE_SHARD_DONE
E2 converge shard harth_stream gru|small|mlp1|none|h1: converged movement 0.00044 in 331.4s
E2_CONVERGE_SHARD_DONE
E2 converge shard harth_stream gru|small|mlp_strong|none|h1: converged movement 0.0034 in 342.7s
E2_CONVERGE_SHARD_DONE
E2 converge shard harth_stream gru|small|linear|horizon_5|h1: unconverged movement 0.00471 in 167.0s
E2_CONVERGE_SHARD_DONE
E2 converge shard harth_stream gru|small|linear|horizon_2|h1: unconverged movement 0.03095 in 168.0s
E2_CONVERGE_SHARD_DONE
E2 converge shard harth_stream gru|small|linear|horizon_10|h1: unconverged movement 0.00471 in 172.1s
E2_CONVERGE_SHARD_DONE
E2 converge shard harth_stream mgu|small|linear|horizon_2|h1: unconverged movement 0.03403 in 173.5s
E2_CONVERGE_SHARD_DONE
E2 converge shard harth_stream mgu|small|linear|horizon_1|h1: unconverged movement 0.03403 in 175.1s
E2_CONVERGE_SHARD_DONE
E2 converge shard harth_stream mgu|small|linear|horizon_5|h1: converged movement 0.00037 in 180.8s
E2_CONVERGE_SHARD_DONE
E2 converge shard harth_stream mgu|small|linear|horizon_10|h1: converged movement 0.00037 in 185.7s
E2_CONVERGE_SHARD_DONE
E2 converge shard harth_stream gru|small|linear|horizon_20|h1: converged movement 0.00042 in 198.7s
E2_CONVERGE_SHARD_DONE
E2 converge shard harth_stream pooled|medium|linear|none|h1: unconverged movement 0.00261 in 758.3s
E2_CONVERGE_SHARD_DONE
E2 converge shard harth_stream mgu|small|linear|horizon_20|h1: unconverged movement 0.00986 in 232.4s
E2_CONVERGE_SHARD_DONE
E2 converge shard harth_stream gru|small|linear|horizon_full|h1: converged movement 0.00084 in 325.7s
E2_CONVERGE_SHARD_DONE
E2 converge shard harth_stream gru|small|linear|misaligned_a|h1: unconverged movement 0.02826 in 173.1s
E2_CONVERGE_SHARD_DONE
E2 converge shard harth_stream gru|small|linear|misaligned_b|h1: converged movement 0.00725 in 190.0s
E2_CONVERGE_SHARD_DONE
E2 converge shard harth_stream gru|small|linear|every_observation|h1: unconverged movement 0.03095 in 193.0s
E2_CONVERGE_SHARD_DONE
E2 converge shard harth_stream gru|small|linear|block_shuffled|h1: converged movement 0.00041 in 196.3s
E2_CONVERGE_SHARD_DONE
E2 converge shard harth_stream gru|small|linear|random_rate_matched|h1: unconverged movement 0.00258 in 204.1s
E2_CONVERGE_SHARD_DONE
E2 converge shard harth_stream ff_gru|small|linear|none|h1: unconverged movement 0.00766 in 871.5s
E2_CONVERGE_SHARD_DONE
E2 converge shard harth_stream mgu|small|linear|horizon_45|h1: unconverged movement 0.00213 in 327.5s
E2_CONVERGE_SHARD_DONE
E2 converge shard harth_stream gru|small|linear|true_boundary|h1: converged movement 0.0 in 212.6s
E2_CONVERGE_SHARD_DONE
E2 converge shard harth_stream gru|micro|linear|horizon_5|h1: converged movement 0.00128 in 93.9s
E2_CONVERGE_SHARD_DONE
E2 converge shard harth_stream histmlp|small|linear|none|h5: converged movement 0.00719 in 7.7s
E2_CONVERGE_SHARD_DONE
E2 converge shard harth_stream histmlp|small|linear|none|h2: unconverged movement 0.0292 in 7.9s
E2_CONVERGE_SHARD_DONE
E2 converge shard harth_stream gru|micro|linear|horizon_45|h1: converged movement 0.00042 in 131.3s
E2_CONVERGE_SHARD_DONE
E2 converge shard harth_stream gru|small|linear|wrong_boundary|h1: converged movement 0.00086 in 199.7s
E2_CONVERGE_SHARD_DONE
E2 converge shard harth_stream gru|micro|linear|horizon_full|h1: unconverged movement 0.00304 in 184.4s
E2_CONVERGE_SHARD_DONE
E2 converge shard harth_stream histmlp|small|linear|none|h10: converged movement 0.00302 in 6.9s
E2_CONVERGE_SHARD_DONE
E2 converge shard harth_stream tcn|medium|linear|none|h1: converged movement 0.00043 in 1143.8s
E2_CONVERGE_SHARD_DONE
E2 converge shard harth_stream gru|medium|linear|horizon_5|h1: converged movement 0.00859 in 298.6s
E2_CONVERGE_SHARD_DONE
E2 converge shard harth_stream histmlp|small|linear|none|hpooled_summary: converged movement 0.00068 in 330.8s
E2_CONVERGE_SHARD_DONE
E2 converge shard harth_stream gru|medium|linear|horizon_45|h1: converged movement 0.0013 in 527.0s
E2_CONVERGE_SHARD_DONE
E2 converge shard harth_stream tcn|small|linear|none|h5: converged movement 0.0017 in 644.7s
E2_CONVERGE_SHARD_DONE
E2 converge shard harth_stream tcn|small|linear|none|h20: converged movement 0.0017 in 651.2s
E2_CONVERGE_SHARD_DONE
E2 converge shard harth_stream gru|medium|linear|horizon_full|h1: converged movement 0.00044 in 835.6s
E2_CONVERGE_SHARD_DONE
E2 converge shard harth_stream tcn|small|linear|none|hfull_window: converged movement 0.0017 in 665.6s
E2_CONVERGE_SHARD_DONE
E2 converge shard harth_stream mgu|small|linear|horizon_full|h1: unconverged movement 0.00214 in 1752.6s
E2_CONVERGE_SHARD_DONE
E2 converge shard harth_stream mgu|small|linear|horizon_90|h1: unconverged movement 0.00214 in 1769.9s
E2_CONVERGE_SHARD_DONE
E2 converge shard harth_stream mgu|medium|linear|none|h1: converged movement 1e-05 in 4260.3s
E2_CONVERGE_SHARD_DONE
